server starts listening
server accepts connection
server receives b''
server exits
